.acdf/changes/youtube-video-factory-v1/BUILD_LEDGER.md
.acdf/changes/youtube-video-factory-v1/OPEN_QUESTIONS.md
.acdf/changes/youtube-video-factory-v1/REFERENCE_RESEARCH_NOTES.md
.acdf/changes/youtube-video-factory-v1/RUNBOOK.md
.acdf/changes/youtube-video-factory-v1/STAGE0_INTENT.md
.acdf/changes/youtube-video-factory-v1/authority.json
.acdf/changes/youtube-video-factory-v1/claims/t01-acdf-wrapper.root.json
.acdf/changes/youtube-video-factory-v1/claims/t02-release-candidate-validation.root.json
.acdf/changes/youtube-video-factory-v1/design.md
.acdf/changes/youtube-video-factory-v1/evidence/t01_acdf_files.log
.acdf/changes/youtube-video-factory-v1/evidence/task-02_build.log
.acdf/changes/youtube-video-factory-v1/evidence/task-02_doctor.log
.acdf/changes/youtube-video-factory-v1/evidence/task-02_pack.log
.acdf/changes/youtube-video-factory-v1/evidence/task-02_security.log
.acdf/changes/youtube-video-factory-v1/evidence/task-02_test.log
.acdf/changes/youtube-video-factory-v1/evidence/task-02_typecheck.log
.acdf/changes/youtube-video-factory-v1/models/factory-flow.mmd
.acdf/changes/youtube-video-factory-v1/models/hyperframes-render-flow.mmd
.acdf/changes/youtube-video-factory-v1/models/media-asset-lifecycle.mmd
.acdf/changes/youtube-video-factory-v1/models/provider-sequence.mmd
.acdf/changes/youtube-video-factory-v1/models/reference-quarantine-state.mmd
.acdf/changes/youtube-video-factory-v1/proposal.md
.acdf/changes/youtube-video-factory-v1/receipts/t01-acdf-wrapper.json
.acdf/changes/youtube-video-factory-v1/receipts/t02-release-candidate-validation.json
.acdf/changes/youtube-video-factory-v1/retrospective.md
.acdf/changes/youtube-video-factory-v1/risk_review.md
.acdf/changes/youtube-video-factory-v1/state-log.ndjson
.acdf/changes/youtube-video-factory-v1/tasks.md
.acdf/reference/forbidden-files.md
.acdf/reference/guide.md
.acdf/reference/trust-zones.md
